trace 0x140016000 -> jmp:0x140016101
trace 0x140016101 -> jmp:0x140016101
trace 0x140016101 -> jmp:0x140016101
trace 0x140016101 -> jmp:0x140016101
trace 0x140016101 -> jmp:0x140016101
trace 0x140016101 -> jmp:0x140016101
trace 0x140016101 -> jmp:0x140016101
trace 0x140016101 -> jmp:0x140016101
trace 0x140016101 -> jmp:0x140016101
trace 0x140016101 -> jmp:0x140016101
trace 0x140016101 -> jmp:0x140016101
trace 0x140016101 -> jmp:0x140016101
trace 0x140016101 -> jmp:0x140016101
trace 0x140016101 -> jmp:0x140016101
trace 0x140016101 -> jmp:0x140016101
trace 0x140016101 -> jmp:0x140016101
trace 0x140016101 -> jmp:0x140016101
trace 0x140016101 -> jmp:0x14001606a
trace 0x14001606a -> jmp:0x14001620a
trace 0x14001620a -> jmp:0x140016101
trace 0x140016101 -> jmp:0x14001620a
trace 0x14001620a -> jmp:0x140016194
trace 0x140016194 -> jmp:0x14001631f
trace 0x14001631f -> jmp:0x140016101
trace 0x140016101 -> jmp:0x14001626c
trace 0x14001626c -> jmp:0x14001606a
trace 0x14001606a -> jmp:0x140016194
trace 0x140016194 -> jmp:0x140016194
trace 0x140016194 -> jmp:0x1400162b1
trace 0x1400162b1 -> jmp:0x140016101
trace 0x140016101 -> jmp:0x1400162b1
trace 0x1400162b1 -> jmp:0x140016101
trace 0x140016101 -> jmp:0x140016101
trace 0x140016101 -> jmp:0x140016090
trace 0x140016090 -> jmp:0x14001606a
trace 0x14001606a -> jmp:0x140016707
trace 0x140016707 -> jmp:0x14001606a
trace 0x14001606a -> jmp:0x140016194
trace 0x140016194 -> jmp:0x140016194
trace 0x140016194 -> jmp:0x1400162b1
trace 0x1400162b1 -> jmp:0x140016101
trace 0x140016101 -> jmp:0x1400162b1
trace 0x1400162b1 -> jmp:0x140016101
trace 0x140016101 -> jmp:0x140016101
trace 0x140016101 -> jmp:0x1400161b1
trace 0x1400161b1 -> jmp:0x14001606a
trace 0x14001606a -> jmp:0x140016707
trace 0x140016707 -> jmp:0x14001606a
trace 0x14001606a -> jmp:0x140016194
trace 0x140016194 -> jmp:0x140016194
trace 0x140016194 -> jmp:0x1400162b1
trace 0x1400162b1 -> jmp:0x140016101
trace 0x140016101 -> jmp:0x1400162b1
trace 0x1400162b1 -> jmp:0x140016101
trace 0x140016101 -> jmp:0x14001620a
trace 0x14001620a -> jmp:0x140016689
trace 0x140016689 -> jmp:0x140016101
trace 0x140016101 -> jmp:0x14001669f
trace 0x14001669f -> jmp:0x1400161b1
trace 0x1400161b1 -> jmp:0x140016481
trace 0x140016481 -> jmp:0x140016101
trace 0x140016101 -> jmp:0x14001606a
trace 0x14001606a -> jmp:0x140016707
trace 0x140016707 -> jmp:0x14001606a
trace 0x14001606a -> jmp:0x140016194
trace 0x140016194 -> jmp:0x140016194
trace 0x140016194 -> jmp:0x1400162b1
trace 0x1400162b1 -> jmp:0x140016101
trace 0x140016101 -> jmp:0x1400162b1
trace 0x1400162b1 -> jmp:0x140016101
trace 0x140016101 -> jmp:0x14001620a
trace 0x14001620a -> jmp:0x140016689
trace 0x140016689 -> jmp:0x140016101
trace 0x140016101 -> jmp:0x14001669f
trace 0x14001669f -> jmp:0x1400161b1
trace 0x1400161b1 -> jmp:0x140016413
trace 0x140016413 -> jmp:0x140016101
trace 0x140016101 -> jmp:0x14001606a
trace 0x14001606a -> jmp:0x140016707
trace 0x140016707 -> jmp:0x14001606a
trace 0x14001606a -> jmp:0x140016194
trace 0x140016194 -> jmp:0x140016194
trace 0x140016194 -> jmp:0x1400162b1
trace 0x1400162b1 -> jmp:0x140016101
trace 0x140016101 -> jmp:0x1400162b1
trace 0x1400162b1 -> jmp:0x140016101
trace 0x140016101 -> jmp:0x14001620a
trace 0x14001620a -> jmp:0x140016689
trace 0x140016689 -> jmp:0x140016101
trace 0x140016101 -> jmp:0x14001669f
trace 0x14001669f -> jmp:0x1400161b1
trace 0x1400161b1 -> jmp:0x1400162c9
trace 0x1400162c9 -> jmp:0x140016101
trace 0x140016101 -> jmp:0x14001606a
trace 0x14001606a -> jmp:0x140016707
trace 0x140016707 -> jmp:0x14001606a
trace 0x14001606a -> jmp:0x140016194
trace 0x140016194 -> jmp:0x140016194
trace 0x140016194 -> jmp:0x1400162b1
trace 0x1400162b1 -> jmp:0x140016101
trace 0x140016101 -> jmp:0x1400162b1
trace 0x1400162b1 -> jmp:0x140016101
trace 0x140016101 -> jmp:0x14001620a
trace 0x14001620a -> jmp:0x140016689
trace 0x140016689 -> jmp:0x140016101
trace 0x140016101 -> jmp:0x14001669f
trace 0x14001669f -> jmp:0x1400161b1
trace 0x1400161b1 -> jmp:0x140016413
trace 0x140016413 -> jmp:0x140016101
trace 0x140016101 -> jmp:0x14001606a
trace 0x14001606a -> jmp:0x140016707
trace 0x140016707 -> jmp:0x14001606a
trace 0x14001606a -> jmp:0x140016194
trace 0x140016194 -> jmp:0x140016194
trace 0x140016194 -> jmp:0x1400162b1
trace 0x1400162b1 -> jmp:0x140016101
trace 0x140016101 -> jmp:0x1400162b1
trace 0x1400162b1 -> jmp:0x140016101
trace 0x140016101 -> jmp:0x14001620a
trace 0x14001620a -> jmp:0x140016689
trace 0x140016689 -> jmp:0x140016101
trace 0x140016101 -> jmp:0x14001669f
trace 0x14001669f -> jmp:0x1400161b1
trace 0x1400161b1 -> jmp:0x1400162c9
trace 0x1400162c9 -> jmp:0x140016101
trace 0x140016101 -> jmp:0x14001606a
trace 0x14001606a -> jmp:0x140016707
trace 0x140016707 -> jmp:0x14001606a
trace 0x14001606a -> jmp:0x140016194
trace 0x140016194 -> jmp:0x140016194
trace 0x140016194 -> jmp:0x1400162b1
trace 0x1400162b1 -> jmp:0x140016101
trace 0x140016101 -> jmp:0x1400162b1
trace 0x1400162b1 -> jmp:0x140016101
trace 0x140016101 -> jmp:0x14001620a
trace 0x14001620a -> jmp:0x140016689
trace 0x140016689 -> jmp:0x140016101
trace 0x140016101 -> jmp:0x14001669f
trace 0x14001669f -> jmp:0x1400161b1
trace 0x1400161b1 -> jmp:0x140016481
trace 0x140016481 -> jmp:0x140016101
trace 0x140016101 -> jmp:0x14001606a
trace 0x14001606a -> jmp:0x140016707
trace 0x140016707 -> jmp:0x14001606a
trace 0x14001606a -> jmp:0x140016194
trace 0x140016194 -> jmp:0x140016194
trace 0x140016194 -> jmp:0x1400162b1
trace 0x1400162b1 -> jmp:0x140016101
trace 0x140016101 -> jmp:0x1400162b1
trace 0x1400162b1 -> jmp:0x140016101
trace 0x140016101 -> jmp:0x140016101
trace 0x140016101 -> jmp:0x1400161b1
trace 0x1400161b1 -> jmp:0x14001606a
trace 0x14001606a -> jmp:0x140016707
trace 0x140016707 -> jmp:0x14001606a
trace 0x14001606a -> jmp:0x140016194
trace 0x140016194 -> jmp:0x140016194
trace 0x140016194 -> jmp:0x1400162b1
trace 0x1400162b1 -> jmp:0x140016101
trace 0x140016101 -> jmp:0x1400162b1
trace 0x1400162b1 -> jmp:0x140016101
trace 0x140016101 -> jmp:0x14001620a
trace 0x14001620a -> jmp:0x140016689
trace 0x140016689 -> jmp:0x140016101
trace 0x140016101 -> jmp:0x14001669f
trace 0x14001669f -> jmp:0x1400161b1
trace 0x1400161b1 -> jmp:0x1400162c9
trace 0x1400162c9 -> jmp:0x140016101
trace 0x140016101 -> jmp:0x14001606a
trace 0x14001606a -> jmp:0x140016707
trace 0x140016707 -> jmp:0x14001606a
trace 0x14001606a -> jmp:0x140016194
trace 0x140016194 -> jmp:0x140016194
trace 0x140016194 -> jmp:0x1400162b1
trace 0x1400162b1 -> jmp:0x140016101
trace 0x140016101 -> jmp:0x1400162b1
trace 0x1400162b1 -> jmp:0x140016101
trace 0x140016101 -> jmp:0x14001620a
trace 0x14001620a -> jmp:0x140016689
trace 0x140016689 -> jmp:0x140016101
trace 0x140016101 -> jmp:0x14001669f
trace 0x14001669f -> jmp:0x1400161b1
trace 0x1400161b1 -> jmp:0x140016413
trace 0x140016413 -> jmp:0x140016101
trace 0x140016101 -> jmp:0x14001606a
trace 0x14001606a -> jmp:0x140016707
trace 0x140016707 -> jmp:0x14001606a
trace 0x14001606a -> jmp:0x140016194
trace 0x140016194 -> jmp:0x140016194
trace 0x140016194 -> jmp:0x1400162b1
trace 0x1400162b1 -> jmp:0x140016101
trace 0x140016101 -> jmp:0x1400162b1
trace 0x1400162b1 -> jmp:0x140016101
trace 0x140016101 -> jmp:0x14001620a
trace 0x14001620a -> jmp:0x140016689
trace 0x140016689 -> jmp:0x140016101
trace 0x140016101 -> jmp:0x14001669f
trace 0x14001669f -> jmp:0x1400161b1
trace 0x1400161b1 -> jmp:0x140016481
trace 0x140016481 -> jmp:0x140016101
trace 0x140016101 -> jmp:0x14001606a
trace 0x14001606a -> jmp:0x140016707
trace 0x140016707 -> jmp:0x14001606a
trace 0x14001606a -> jmp:0x140016194
trace 0x140016194 -> jmp:0x140016194
trace 0x140016194 -> jmp:0x1400162b1
trace 0x1400162b1 -> jmp:0x140016101
trace 0x140016101 -> jmp:0x1400162b1
trace 0x1400162b1 -> jmp:0x140016101
trace 0x140016101 -> jmp:0x14001620a
trace 0x14001620a -> jmp:0x140016689
trace 0x140016689 -> jmp:0x140016101
trace 0x140016101 -> jmp:0x14001669f
trace 0x14001669f -> jmp:0x1400161b1
trace 0x1400161b1 -> jmp:0x140016337
trace 0x140016337 -> jmp:0x140016101
trace 0x140016101 -> jmp:0x14001606a
trace 0x14001606a -> jmp:0x140016707
trace 0x140016707 -> jmp:0x14001606a
trace 0x14001606a -> jmp:0x140016194
trace 0x140016194 -> jmp:0x140016194
trace 0x140016194 -> jmp:0x1400162b1
trace 0x1400162b1 -> jmp:0x140016101
trace 0x140016101 -> jmp:0x1400162b1
trace 0x1400162b1 -> jmp:0x140016101
trace 0x140016101 -> jmp:0x14001620a
trace 0x14001620a -> jmp:0x140016689
trace 0x140016689 -> jmp:0x140016101
trace 0x140016101 -> jmp:0x14001669f
trace 0x14001669f -> jmp:0x1400161b1
trace 0x1400161b1 -> jmp:0x140016337
trace 0x140016337 -> jmp:0x140016101
trace 0x140016101 -> jmp:0x14001606a
trace 0x14001606a -> jmp:0x140016707
trace 0x140016707 -> jmp:0x14001606a
trace 0x14001606a -> jmp:0x140016194
trace 0x140016194 -> jmp:0x140016194
trace 0x140016194 -> jmp:0x1400162b1
trace 0x1400162b1 -> jmp:0x140016101
trace 0x140016101 -> jmp:0x1400162b1
trace 0x1400162b1 -> jmp:0x140016101
trace 0x140016101 -> jmp:0x14001620a
trace 0x14001620a -> jmp:0x140016689
trace 0x140016689 -> jmp:0x140016101
trace 0x140016101 -> jmp:0x14001669f
trace 0x14001669f -> jmp:0x1400161b1
trace 0x1400161b1 -> jmp:0x1400163a5
trace 0x1400163a5 -> jmp:0x140016101
trace 0x140016101 -> jmp:0x14001606a
trace 0x14001606a -> jmp:0x140016707
trace 0x140016707 -> jmp:0x14001606a
trace 0x14001606a -> jmp:0x140016194
trace 0x140016194 -> jmp:0x140016194
trace 0x140016194 -> jmp:0x1400162b1
trace 0x1400162b1 -> jmp:0x140016101
trace 0x140016101 -> jmp:0x1400162b1
trace 0x1400162b1 -> jmp:0x140016101
trace 0x140016101 -> jmp:0x14001620a
trace 0x14001620a -> jmp:0x140016689
trace 0x140016689 -> jmp:0x140016101
trace 0x140016101 -> jmp:0x14001669f
trace 0x14001669f -> jmp:0x1400161b1
trace 0x1400161b1 -> jmp:0x140016337
trace 0x140016337 -> jmp:0x140016101
trace 0x140016101 -> jmp:0x140016126
trace 0x140016126 -> jmp:0x14001606a
trace 0x14001606a -> jmp:0x14001676b
trace 0x14001676b -> jmp:0x14001606a, jmp:0x14001606a
trace 0x14001606a -> jmp:0x140016194
trace 0x140016194 -> jmp:0x140016194
trace 0x140016194 -> jmp:0x1400162b1
trace 0x1400162b1 -> jmp:0x140016101
trace 0x140016101 -> jmp:0x1400162b1
trace 0x1400162b1 -> jmp:0x140016101
trace 0x140016101 -> jmp:0x140016101
trace 0x140016101 -> jmp:0x1400161b1
trace 0x1400161b1 -> jmp:0x14001606a
trace 0x14001606a -> jmp:0x140016707
trace 0x140016707 -> jmp:0x14001606a
trace 0x14001606a -> jmp:0x140016194
trace 0x140016194 -> jmp:0x140016194
trace 0x140016194 -> jmp:0x1400162b1
trace 0x1400162b1 -> jmp:0x140016101
trace 0x140016101 -> jmp:0x1400162b1
trace 0x1400162b1 -> jmp:0x140016101
trace 0x140016101 -> jmp:0x14001620a
trace 0x14001620a -> jmp:0x140016689
trace 0x140016689 -> jmp:0x140016101
trace 0x140016101 -> jmp:0x14001669f
trace 0x14001669f -> jmp:0x1400161b1
trace 0x1400161b1 -> jmp:0x1400162c9
trace 0x1400162c9 -> jmp:0x140016101
trace 0x140016101 -> jmp:0x14001606a
trace 0x14001606a -> jmp:0x140016707
trace 0x140016707 -> jmp:0x14001606a
trace 0x14001606a -> jmp:0x140016194
trace 0x140016194 -> jmp:0x140016194
trace 0x140016194 -> jmp:0x1400162b1
trace 0x1400162b1 -> jmp:0x140016101
trace 0x140016101 -> jmp:0x1400162b1
trace 0x1400162b1 -> jmp:0x140016101
trace 0x140016101 -> jmp:0x14001620a
trace 0x14001620a -> jmp:0x140016689
trace 0x140016689 -> jmp:0x140016101
trace 0x140016101 -> jmp:0x14001669f
trace 0x14001669f -> jmp:0x1400161b1
trace 0x1400161b1 -> jmp:0x140016413
trace 0x140016413 -> jmp:0x140016101
trace 0x140016101 -> jmp:0x14001606a
trace 0x14001606a -> jmp:0x140016707
trace 0x140016707 -> jmp:0x14001606a
trace 0x14001606a -> jmp:0x140016194
trace 0x140016194 -> jmp:0x140016194
trace 0x140016194 -> jmp:0x1400162b1
trace 0x1400162b1 -> jmp:0x140016101
trace 0x140016101 -> jmp:0x1400162b1
trace 0x1400162b1 -> jmp:0x140016101
trace 0x140016101 -> jmp:0x14001620a
trace 0x14001620a -> jmp:0x140016689
trace 0x140016689 -> jmp:0x140016101
trace 0x140016101 -> jmp:0x14001669f
trace 0x14001669f -> jmp:0x1400161b1
trace 0x1400161b1 -> jmp:0x140016481
trace 0x140016481 -> jmp:0x140016101
trace 0x140016101 -> jmp:0x14001606a
trace 0x14001606a -> jmp:0x140016707
trace 0x140016707 -> jmp:0x14001606a
trace 0x14001606a -> jmp:0x140016194
trace 0x140016194 -> jmp:0x140016194
trace 0x140016194 -> jmp:0x1400162b1
trace 0x1400162b1 -> jmp:0x140016101
trace 0x140016101 -> jmp:0x1400162b1
trace 0x1400162b1 -> jmp:0x140016101
trace 0x140016101 -> jmp:0x14001620a
trace 0x14001620a -> jmp:0x140016689
trace 0x140016689 -> jmp:0x140016101
trace 0x140016101 -> jmp:0x14001669f
trace 0x14001669f -> jmp:0x1400161b1
trace 0x1400161b1 -> jmp:0x1400162c9
trace 0x1400162c9 -> jmp:0x140016101
trace 0x140016101 -> jmp:0x14001606a
trace 0x14001606a -> jmp:0x140016707
trace 0x140016707 -> jmp:0x14001606a
trace 0x14001606a -> jmp:0x140016194
trace 0x140016194 -> jmp:0x140016194
trace 0x140016194 -> jmp:0x1400162b1
trace 0x1400162b1 -> jmp:0x140016101
trace 0x140016101 -> jmp:0x1400162b1
trace 0x1400162b1 -> jmp:0x140016101
trace 0x140016101 -> jmp:0x14001620a
trace 0x14001620a -> jmp:0x140016689
trace 0x140016689 -> jmp:0x140016101
trace 0x140016101 -> jmp:0x14001669f
trace 0x14001669f -> jmp:0x1400161b1
trace 0x1400161b1 -> jmp:0x140016337
trace 0x140016337 -> jmp:0x140016101
trace 0x140016101 -> jmp:0x14001606a
trace 0x14001606a -> jmp:0x140016707
trace 0x140016707 -> jmp:0x14001606a
trace 0x14001606a -> jmp:0x140016194
trace 0x140016194 -> jmp:0x140016194
trace 0x140016194 -> jmp:0x1400162b1
trace 0x1400162b1 -> jmp:0x140016101
trace 0x140016101 -> jmp:0x1400162b1
trace 0x1400162b1 -> jmp:0x140016101
trace 0x140016101 -> jmp:0x14001620a
trace 0x14001620a -> jmp:0x140016689
trace 0x140016689 -> jmp:0x140016101
trace 0x140016101 -> jmp:0x14001669f
trace 0x14001669f -> jmp:0x1400161b1
trace 0x1400161b1 -> jmp:0x1400162c9
trace 0x1400162c9 -> jmp:0x140016101
trace 0x140016101 -> jmp:0x14001606a
trace 0x14001606a -> jmp:0x140016707
trace 0x140016707 -> jmp:0x14001606a
trace 0x14001606a -> jmp:0x140016194
trace 0x140016194 -> jmp:0x140016194
trace 0x140016194 -> jmp:0x1400162b1
trace 0x1400162b1 -> jmp:0x140016101
trace 0x140016101 -> jmp:0x1400162b1
trace 0x1400162b1 -> jmp:0x140016101
trace 0x140016101 -> jmp:0x14001620a
trace 0x14001620a -> jmp:0x140016689
trace 0x140016689 -> jmp:0x140016101
trace 0x140016101 -> jmp:0x14001669f
trace 0x14001669f -> jmp:0x1400161b1
trace 0x1400161b1 -> jmp:0x140016337
trace 0x140016337 -> jmp:0x140016101
trace 0x140016101 -> jmp:0x140016126
trace 0x140016126 -> jmp:0x14001606a
trace 0x14001606a -> jmp:0x14001676b
trace 0x14001676b -> jmp:0x14001606a, jmp:0x14001606a
trace 0x14001606a -> jmp:0x140016194
trace 0x140016194 -> jmp:0x140016194
trace 0x140016194 -> jmp:0x1400162b1
trace 0x1400162b1 -> jmp:0x140016101
trace 0x140016101 -> jmp:0x1400162b1
trace 0x1400162b1 -> jmp:0x140016101
trace 0x140016101 -> jmp:0x140016101
trace 0x140016101 -> jmp:0x1400161b1
trace 0x1400161b1 -> jmp:0x14001606a
trace 0x14001606a -> jmp:0x140016707
trace 0x140016707 -> jmp:0x14001606a
trace 0x14001606a -> jmp:0x140016194
trace 0x140016194 -> jmp:0x140016194
trace 0x140016194 -> jmp:0x1400162b1
trace 0x1400162b1 -> jmp:0x140016101
trace 0x140016101 -> jmp:0x1400162b1
trace 0x1400162b1 -> jmp:0x140016101
trace 0x140016101 -> jmp:0x14001620a
trace 0x14001620a -> jmp:0x140016689
trace 0x140016689 -> jmp:0x140016101
trace 0x140016101 -> jmp:0x14001669f
trace 0x14001669f -> jmp:0x1400161b1
trace 0x1400161b1 -> jmp:0x1400162c9
trace 0x1400162c9 -> jmp:0x140016101
trace 0x140016101 -> jmp:0x14001606a
trace 0x14001606a -> jmp:0x140016707
trace 0x140016707 -> jmp:0x14001606a
trace 0x14001606a -> jmp:0x140016194
trace 0x140016194 -> jmp:0x140016194
trace 0x140016194 -> jmp:0x1400162b1
trace 0x1400162b1 -> jmp:0x140016101
trace 0x140016101 -> jmp:0x1400162b1
trace 0x1400162b1 -> jmp:0x140016101
trace 0x140016101 -> jmp:0x14001620a
trace 0x14001620a -> jmp:0x140016689
trace 0x140016689 -> jmp:0x140016101
trace 0x140016101 -> jmp:0x14001669f
trace 0x14001669f -> jmp:0x1400161b1
trace 0x1400161b1 -> jmp:0x1400162c9
trace 0x1400162c9 -> jmp:0x140016101
trace 0x140016101 -> jmp:0x14001606a
trace 0x14001606a -> jmp:0x140016707
trace 0x140016707 -> jmp:0x14001606a
trace 0x14001606a -> jmp:0x140016194
trace 0x140016194 -> jmp:0x140016194
trace 0x140016194 -> jmp:0x1400162b1
trace 0x1400162b1 -> jmp:0x140016101
trace 0x140016101 -> jmp:0x1400162b1
trace 0x1400162b1 -> jmp:0x140016101
trace 0x140016101 -> jmp:0x14001620a
trace 0x14001620a -> jmp:0x140016689
trace 0x140016689 -> jmp:0x140016101
trace 0x140016101 -> jmp:0x14001669f
trace 0x14001669f -> jmp:0x1400161b1
trace 0x1400161b1 -> jmp:0x140016481
trace 0x140016481 -> jmp:0x140016101
trace 0x140016101 -> jmp:0x14001606a
trace 0x14001606a -> jmp:0x140016707
trace 0x140016707 -> jmp:0x14001606a
trace 0x14001606a -> jmp:0x140016194
trace 0x140016194 -> jmp:0x140016194
trace 0x140016194 -> jmp:0x1400162b1
trace 0x1400162b1 -> jmp:0x140016101
trace 0x140016101 -> jmp:0x1400162b1
trace 0x1400162b1 -> jmp:0x140016101
trace 0x140016101 -> jmp:0x14001620a
trace 0x14001620a -> jmp:0x140016689
trace 0x140016689 -> jmp:0x140016101
trace 0x140016101 -> jmp:0x14001669f
trace 0x14001669f -> jmp:0x1400161b1
trace 0x1400161b1 -> jmp:0x140016481
trace 0x140016481 -> jmp:0x140016101
trace 0x140016101 -> jmp:0x14001606a
trace 0x14001606a -> jmp:0x140016707
trace 0x140016707 -> jmp:0x14001606a
trace 0x14001606a -> jmp:0x140016194
trace 0x140016194 -> jmp:0x140016194
trace 0x140016194 -> jmp:0x1400162b1
trace 0x1400162b1 -> jmp:0x140016101
trace 0x140016101 -> jmp:0x1400162b1
trace 0x1400162b1 -> jmp:0x140016101
trace 0x140016101 -> jmp:0x14001620a
trace 0x14001620a -> jmp:0x140016689
trace 0x140016689 -> jmp:0x140016101
trace 0x140016101 -> jmp:0x14001669f
trace 0x14001669f -> jmp:0x1400161b1
trace 0x1400161b1 -> jmp:0x140016481
trace 0x140016481 -> jmp:0x140016101
trace 0x140016101 -> jmp:0x14001606a
trace 0x14001606a -> jmp:0x140016707
trace 0x140016707 -> jmp:0x14001606a
trace 0x14001606a -> jmp:0x140016194
trace 0x140016194 -> jmp:0x140016194
trace 0x140016194 -> jmp:0x1400162b1
trace 0x1400162b1 -> jmp:0x140016101
trace 0x140016101 -> jmp:0x1400162b1
trace 0x1400162b1 -> jmp:0x140016101
trace 0x140016101 -> jmp:0x14001620a
trace 0x14001620a -> jmp:0x140016689
trace 0x140016689 -> jmp:0x140016101
trace 0x140016101 -> jmp:0x14001669f
trace 0x14001669f -> jmp:0x1400161b1
trace 0x1400161b1 -> jmp:0x1400162c9
trace 0x1400162c9 -> jmp:0x140016101
trace 0x140016101 -> jmp:0x14001606a
trace 0x14001606a -> jmp:0x140016707
trace 0x140016707 -> jmp:0x14001606a
trace 0x14001606a -> jmp:0x140016194
trace 0x140016194 -> jmp:0x140016194
trace 0x140016194 -> jmp:0x1400162b1
trace 0x1400162b1 -> jmp:0x140016101
trace 0x140016101 -> jmp:0x1400162b1
trace 0x1400162b1 -> jmp:0x140016101
trace 0x140016101 -> jmp:0x14001620a
trace 0x14001620a -> jmp:0x140016689
trace 0x140016689 -> jmp:0x140016101
trace 0x140016101 -> jmp:0x14001669f
trace 0x14001669f -> jmp:0x1400161b1
trace 0x1400161b1 -> jmp:0x140016337
trace 0x140016337 -> jmp:0x140016101
trace 0x140016101 -> jmp:0x140016126
trace 0x140016126 -> jmp:0x14001606a
trace 0x14001606a -> jmp:0x14001676b
trace 0x14001676b -> jmp:0x14001606a, jmp:0x14001606a
trace 0x14001606a -> jmp:0x140016194
trace 0x140016194 -> jmp:0x140016194
trace 0x140016194 -> jmp:0x1400162b1
trace 0x1400162b1 -> jmp:0x140016101
trace 0x140016101 -> jmp:0x1400162b1
trace 0x1400162b1 -> jmp:0x140016101
trace 0x140016101 -> jmp:0x140016101
trace 0x140016101 -> jmp:0x1400161b1
trace 0x1400161b1 -> jmp:0x14001606a
trace 0x14001606a -> jmp:0x140016707
trace 0x140016707 -> jmp:0x14001606a
trace 0x14001606a -> jmp:0x140016194
trace 0x140016194 -> jmp:0x140016194
trace 0x140016194 -> jmp:0x1400162b1
trace 0x1400162b1 -> jmp:0x140016101
trace 0x140016101 -> jmp:0x1400162b1
trace 0x1400162b1 -> jmp:0x140016101
trace 0x140016101 -> jmp:0x14001620a
trace 0x14001620a -> jmp:0x140016689
trace 0x140016689 -> jmp:0x140016101
trace 0x140016101 -> jmp:0x14001669f
trace 0x14001669f -> jmp:0x1400161b1
trace 0x1400161b1 -> jmp:0x140016337
trace 0x140016337 -> jmp:0x140016101
trace 0x140016101 -> jmp:0x14001606a
trace 0x14001606a -> jmp:0x140016707
trace 0x140016707 -> jmp:0x14001606a
trace 0x14001606a -> jmp:0x140016194
trace 0x140016194 -> jmp:0x140016194
trace 0x140016194 -> jmp:0x1400162b1
trace 0x1400162b1 -> jmp:0x140016101
trace 0x140016101 -> jmp:0x1400162b1
trace 0x1400162b1 -> jmp:0x140016101
trace 0x140016101 -> jmp:0x14001620a
trace 0x14001620a -> jmp:0x140016689
trace 0x140016689 -> jmp:0x140016101
trace 0x140016101 -> jmp:0x14001669f
trace 0x14001669f -> jmp:0x1400161b1
trace 0x1400161b1 -> jmp:0x1400162c9
trace 0x1400162c9 -> jmp:0x140016101
trace 0x140016101 -> jmp:0x14001606a
trace 0x14001606a -> jmp:0x140016707
trace 0x140016707 -> jmp:0x14001606a
trace 0x14001606a -> jmp:0x140016194
trace 0x140016194 -> jmp:0x140016194
trace 0x140016194 -> jmp:0x1400162b1
trace 0x1400162b1 -> jmp:0x140016101
trace 0x140016101 -> jmp:0x1400162b1
trace 0x1400162b1 -> jmp:0x140016101
trace 0x140016101 -> jmp:0x14001620a
trace 0x14001620a -> jmp:0x140016689
trace 0x140016689 -> jmp:0x140016101
trace 0x140016101 -> jmp:0x14001669f
trace 0x14001669f -> jmp:0x1400161b1
trace 0x1400161b1 -> jmp:0x140016481
trace 0x140016481 -> jmp:0x140016101
trace 0x140016101 -> jmp:0x14001606a
trace 0x14001606a -> jmp:0x140016707
trace 0x140016707 -> jmp:0x14001606a
trace 0x14001606a -> jmp:0x140016194
trace 0x140016194 -> jmp:0x140016194
trace 0x140016194 -> jmp:0x1400162b1
trace 0x1400162b1 -> jmp:0x140016101
trace 0x140016101 -> jmp:0x1400162b1
trace 0x1400162b1 -> jmp:0x140016101
trace 0x140016101 -> jmp:0x14001620a
trace 0x14001620a -> jmp:0x140016689
trace 0x140016689 -> jmp:0x140016101
trace 0x140016101 -> jmp:0x14001669f
trace 0x14001669f -> jmp:0x1400161b1
trace 0x1400161b1 -> jmp:0x140016337
trace 0x140016337 -> jmp:0x140016101
trace 0x140016101 -> jmp:0x14001606a
trace 0x14001606a -> jmp:0x140016707
trace 0x140016707 -> jmp:0x14001606a
trace 0x14001606a -> jmp:0x140016194
trace 0x140016194 -> jmp:0x140016194
trace 0x140016194 -> jmp:0x1400162b1
trace 0x1400162b1 -> jmp:0x140016101
trace 0x140016101 -> jmp:0x1400162b1
trace 0x1400162b1 -> jmp:0x140016101
trace 0x140016101 -> jmp:0x14001620a
trace 0x14001620a -> jmp:0x140016689
trace 0x140016689 -> jmp:0x140016101
trace 0x140016101 -> jmp:0x14001669f
trace 0x14001669f -> jmp:0x1400161b1
trace 0x1400161b1 -> jmp:0x140016481
trace 0x140016481 -> jmp:0x140016101
trace 0x140016101 -> jmp:0x14001606a
trace 0x14001606a -> jmp:0x140016707
trace 0x140016707 -> jmp:0x14001606a
trace 0x14001606a -> jmp:0x140016194
trace 0x140016194 -> jmp:0x140016194
trace 0x140016194 -> jmp:0x1400162b1
trace 0x1400162b1 -> jmp:0x140016101
trace 0x140016101 -> jmp:0x1400162b1
trace 0x1400162b1 -> jmp:0x140016101
trace 0x140016101 -> jmp:0x14001620a
trace 0x14001620a -> jmp:0x140016689
trace 0x140016689 -> jmp:0x140016101
trace 0x140016101 -> jmp:0x14001669f
trace 0x14001669f -> jmp:0x1400161b1
trace 0x1400161b1 -> jmp:0x1400162c9
trace 0x1400162c9 -> jmp:0x140016101
trace 0x140016101 -> jmp:0x14001606a
trace 0x14001606a -> jmp:0x140016707
trace 0x140016707 -> jmp:0x14001606a
trace 0x14001606a -> jmp:0x140016194
trace 0x140016194 -> jmp:0x140016194
trace 0x140016194 -> jmp:0x1400162b1
trace 0x1400162b1 -> jmp:0x140016101
trace 0x140016101 -> jmp:0x1400162b1
trace 0x1400162b1 -> jmp:0x140016101
trace 0x140016101 -> jmp:0x140016194
trace 0x140016194 -> jmp:0x140016101
trace 0x140016101 -> jmp:0x14001669f
trace 0x14001669f -> jmp:0x140016126
trace 0x140016126 -> jmp:0x14001606a
trace 0x14001606a -> jmp:0x140016194
trace 0x140016194 -> jmp:0x140016194
trace 0x140016194 -> jmp:0x1400162b1
trace 0x1400162b1 -> jmp:0x140016101
trace 0x140016101 -> jmp:0x1400162b1
trace 0x1400162b1 -> jmp:0x140016101
trace 0x140016101 -> jmp:0x14001669f
trace 0x14001669f -> jmp:0x140016090
trace 0x140016090 -> jmp:0x140016337
trace 0x140016337 -> jmp:0x140016101
trace 0x140016101 -> jmp:0x140016126
trace 0x140016126 -> jmp:0x14001606a
trace 0x14001606a -> jmp:0x14001676b
trace 0x14001676b -> jmp:0x14001606a, jmp:0x14001606a
trace 0x14001606a -> jmp:0x140016194
trace 0x140016194 -> jmp:0x140016194
trace 0x140016194 -> jmp:0x1400162b1
trace 0x1400162b1 -> jmp:0x140016101
trace 0x140016101 -> jmp:0x1400162b1
trace 0x1400162b1 -> jmp:0x140016101
trace 0x140016101 -> jmp:0x140016101
trace 0x140016101 -> jmp:0x1400161b1
trace 0x1400161b1 -> jmp:0x14001606a
trace 0x14001606a -> jmp:0x140016707
trace 0x140016707 -> jmp:0x14001606a
trace 0x14001606a -> jmp:0x140016194
trace 0x140016194 -> jmp:0x140016194
trace 0x140016194 -> jmp:0x1400162b1
trace 0x1400162b1 -> jmp:0x140016101
trace 0x140016101 -> jmp:0x1400162b1
trace 0x1400162b1 -> jmp:0x140016101
trace 0x140016101 -> jmp:0x14001620a
trace 0x14001620a -> jmp:0x140016689
trace 0x140016689 -> jmp:0x140016101
trace 0x140016101 -> jmp:0x14001669f
trace 0x14001669f -> jmp:0x1400161b1
trace 0x1400161b1 -> jmp:0x1400162c9
trace 0x1400162c9 -> jmp:0x140016101
trace 0x140016101 -> jmp:0x14001606a
trace 0x14001606a -> jmp:0x140016707
trace 0x140016707 -> jmp:0x14001606a
trace 0x14001606a -> jmp:0x140016194
trace 0x140016194 -> jmp:0x140016194
trace 0x140016194 -> jmp:0x1400162b1
trace 0x1400162b1 -> jmp:0x140016101
trace 0x140016101 -> jmp:0x1400162b1
trace 0x1400162b1 -> jmp:0x140016101
trace 0x140016101 -> jmp:0x14001620a
trace 0x14001620a -> jmp:0x140016689
trace 0x140016689 -> jmp:0x140016101
trace 0x140016101 -> jmp:0x14001669f
trace 0x14001669f -> jmp:0x1400161b1
trace 0x1400161b1 -> jmp:0x1400163a5
trace 0x1400163a5 -> jmp:0x140016101
trace 0x140016101 -> jmp:0x14001606a
trace 0x14001606a -> jmp:0x140016707
trace 0x140016707 -> jmp:0x14001606a
trace 0x14001606a -> jmp:0x140016194
trace 0x140016194 -> jmp:0x140016194
trace 0x140016194 -> jmp:0x1400162b1
trace 0x1400162b1 -> jmp:0x140016101
trace 0x140016101 -> jmp:0x1400162b1
trace 0x1400162b1 -> jmp:0x140016101
trace 0x140016101 -> jmp:0x14001620a
trace 0x14001620a -> jmp:0x140016689
trace 0x140016689 -> jmp:0x140016101
trace 0x140016101 -> jmp:0x14001669f
trace 0x14001669f -> jmp:0x1400161b1
trace 0x1400161b1 -> jmp:0x1400163a5
trace 0x1400163a5 -> jmp:0x140016101
trace 0x140016101 -> jmp:0x14001606a
trace 0x14001606a -> jmp:0x140016707
trace 0x140016707 -> jmp:0x14001606a
trace 0x14001606a -> jmp:0x140016194
trace 0x140016194 -> jmp:0x140016194
trace 0x140016194 -> jmp:0x1400162b1
trace 0x1400162b1 -> jmp:0x140016101
trace 0x140016101 -> jmp:0x1400162b1
trace 0x1400162b1 -> jmp:0x140016101
trace 0x140016101 -> jmp:0x140016101
trace 0x140016101 -> jmp:0x1400161b1
trace 0x1400161b1 -> jmp:0x14001606a
trace 0x14001606a -> jmp:0x140016707
trace 0x140016707 -> jmp:0x14001606a
trace 0x14001606a -> jmp:0x140016194
trace 0x140016194 -> jmp:0x140016194
trace 0x140016194 -> jmp:0x1400162b1
trace 0x1400162b1 -> jmp:0x140016101
trace 0x140016101 -> jmp:0x1400162b1
trace 0x1400162b1 -> jmp:0x140016101
trace 0x140016101 -> jmp:0x14001620a
trace 0x14001620a -> jmp:0x140016689
trace 0x140016689 -> jmp:0x140016101
trace 0x140016101 -> jmp:0x14001669f
trace 0x14001669f -> jmp:0x1400161b1
trace 0x1400161b1 -> jmp:0x1400163a5
trace 0x1400163a5 -> jmp:0x140016101
trace 0x140016101 -> jmp:0x14001606a
trace 0x14001606a -> jmp:0x140016707
trace 0x140016707 -> jmp:0x14001606a
trace 0x14001606a -> jmp:0x140016194
trace 0x140016194 -> jmp:0x140016194
trace 0x140016194 -> jmp:0x1400162b1
trace 0x1400162b1 -> jmp:0x140016101
trace 0x140016101 -> jmp:0x1400162b1
trace 0x1400162b1 -> jmp:0x140016101
trace 0x140016101 -> jmp:0x14001620a
trace 0x14001620a -> jmp:0x140016689
trace 0x140016689 -> jmp:0x140016101
trace 0x140016101 -> jmp:0x14001669f
trace 0x14001669f -> jmp:0x1400161b1
trace 0x1400161b1 -> jmp:0x140016481
trace 0x140016481 -> jmp:0x140016101
trace 0x140016101 -> jmp:0x14001606a
trace 0x14001606a -> jmp:0x140016707
trace 0x140016707 -> jmp:0x14001606a
trace 0x14001606a -> jmp:0x140016194
trace 0x140016194 -> jmp:0x140016194
trace 0x140016194 -> jmp:0x1400162b1
trace 0x1400162b1 -> jmp:0x140016101
trace 0x140016101 -> jmp:0x1400162b1
trace 0x1400162b1 -> jmp:0x140016101
trace 0x140016101 -> jmp:0x14001620a
trace 0x14001620a -> jmp:0x140016689
trace 0x140016689 -> jmp:0x140016101
trace 0x140016101 -> jmp:0x14001669f
trace 0x14001669f -> jmp:0x1400161b1
trace 0x1400161b1 -> jmp:0x1400162c9
trace 0x1400162c9 -> jmp:0x140016101
trace 0x140016101 -> jmp:0x14001606a
trace 0x14001606a -> jmp:0x140016707
trace 0x140016707 -> jmp:0x14001606a
trace 0x14001606a -> jmp:0x140016194
trace 0x140016194 -> jmp:0x140016194
trace 0x140016194 -> jmp:0x1400162b1
trace 0x1400162b1 -> jmp:0x140016101
trace 0x140016101 -> jmp:0x1400162b1
trace 0x1400162b1 -> jmp:0x140016101
trace 0x140016101 -> jmp:0x140016194
trace 0x140016194 -> jmp:0x140016101
trace 0x140016101 -> jmp:0x14001669f
trace 0x14001669f -> jmp:0x140016126
trace 0x140016126 -> jmp:0x14001606a
trace 0x14001606a -> jmp:0x140016194
trace 0x140016194 -> jmp:0x140016194
trace 0x140016194 -> jmp:0x1400162b1
trace 0x1400162b1 -> jmp:0x140016101
trace 0x140016101 -> jmp:0x1400162b1
trace 0x1400162b1 -> jmp:0x140016101
trace 0x140016101 -> jmp:0x14001669f
trace 0x14001669f -> jmp:0x140016090
trace 0x140016090 -> jmp:0x140016337
trace 0x140016337 -> jmp:0x140016101
trace 0x140016101 -> jmp:0x140016126
trace 0x140016126 -> jmp:0x14001606a
trace 0x14001606a -> jmp:0x14001676b
trace 0x14001676b -> jmp:0x14001606a, jmp:0x14001606a
trace 0x14001606a -> jmp:0x140016194
trace 0x140016194 -> jmp:0x140016194
trace 0x140016194 -> jmp:0x1400162b1
trace 0x1400162b1 -> jmp:0x140016101
trace 0x140016101 -> jmp:0x1400162b1
trace 0x1400162b1 -> jmp:0x140016101
trace 0x140016101 -> jmp:0x140016101
trace 0x140016101 -> jmp:0x1400161b1
trace 0x1400161b1 -> jmp:0x14001606a
trace 0x14001606a -> jmp:0x140016707
trace 0x140016707 -> jmp:0x14001606a
trace 0x14001606a -> jmp:0x140016194
trace 0x140016194 -> jmp:0x140016194
trace 0x140016194 -> jmp:0x1400162b1
trace 0x1400162b1 -> jmp:0x140016101
trace 0x140016101 -> jmp:0x1400162b1
trace 0x1400162b1 -> jmp:0x140016101
trace 0x140016101 -> jmp:0x140016194
trace 0x140016194 -> jmp:0x140016101
trace 0x140016101 -> jmp:0x14001669f
trace 0x14001669f -> jmp:0x140016126
trace 0x140016126 -> jmp:0x14001620a
trace 0x14001620a -> jmp:0x140016194
trace 0x140016194 -> jmp:0x1400162b1
trace 0x1400162b1 -> jmp:0x140016101
trace 0x140016101 -> jmp:0x14001626c
trace 0x14001626c -> jmp:0x140016101
trace 0x140016101 -> jmp:0x14001606a
trace 0x14001606a -> jmp:0x14001606a
trace 0x14001606a -> jmp:0x14001606a
trace 0x14001606a -> jmp:0x14001606a
trace 0x14001606a -> jmp:0x14001606a
trace 0x14001606a -> jmp:0x14001606a
trace 0x14001606a -> jmp:0x14001606a
trace 0x14001606a -> jmp:0x14001606a
trace 0x14001606a -> jmp:0x14001606a
trace 0x14001606a -> jmp:0x14001606a
trace 0x14001606a -> jmp:0x14001606a
trace 0x14001606a -> jmp:0x14001606a
trace 0x14001606a -> jmp:0x14001606a
trace 0x14001606a -> jmp:0x14001606a
trace 0x14001606a -> jmp:0x14001606a
trace 0x14001606a -> jmp:0x14001606a
trace 0x14001606a -> jmp:0x14001604e
trace 0x14001604e -> ret:0x7fff0000
trace 0x14001606a -> jmp:0x140016194
trace 0x140016194 -> jmp:0x140016194
trace 0x140016194 -> jmp:0x1400162b1
trace 0x1400162b1 -> jmp:0x140016101
trace 0x140016101 -> jmp:0x1400162b1
trace 0x14001606a -> jmp:0x140016194
trace 0x140016194 -> jmp:0x140016194
trace 0x140016194 -> jmp:0x1400162b1
trace 0x1400162b1 -> jmp:0x140016101
trace 0x140016101 -> jmp:0x1400162b1
trace 0x14001606a -> jmp:0x140016194
trace 0x140016194 -> jmp:0x140016194
trace 0x140016194 -> jmp:0x1400162b1
trace 0x1400162b1 -> jmp:0x140016101
trace 0x140016101 -> jmp:0x1400162b1
trace 0x14001606a -> jmp:0x140016194
trace 0x140016194 -> jmp:0x140016194
trace 0x140016194 -> jmp:0x1400162b1
trace 0x1400162b1 -> jmp:0x140016101
trace 0x140016101 -> jmp:0x1400162b1
trace 0x14001606a -> jmp:0x140016194
trace 0x140016194 -> jmp:0x140016194
trace 0x140016194 -> jmp:0x1400162b1
trace 0x1400162b1 -> jmp:0x140016101
trace 0x140016101 -> jmp:0x1400162b1
wrote devirt-output\binaryshield-trace.txt
wrote devirt-output\binaryshield-recovered.ll
